(*
    Copyright © 2011, 2012, 2013 MLstate

    This file is part of Opa.

    Opa is free software: you can redistribute it and/or modify it under the
    terms of the GNU Affero General Public License, version 3, as published by
    the Free Software Foundation.

    Opa is distributed in the hope that it will be useful, but WITHOUT ANY
    WARRANTY; without even the implied warranty of MERCHANTABILITY or FITNESS
    FOR A PARTICULAR PURPOSE. See the GNU Affero General Public License for
    more details.

    You should have received a copy of the GNU Affero General Public License
    along with Opa. If not, see <http://www.gnu.org/licenses/>.
*)
(* shorcuts to other files *)
;slash_nosp <- Opa_lexer.slash_nosp
;deco_ml_identifier_nosp <- Opa_parser.deco_ml_identifier_nosp
;ml_identifier_nosp <- Opa_lexer.ml_identifier_nosp
;ml_identifier <- Opa_lexer.ml_identifier
;underscore_nosp <- Opa_lexer.underscore_nosp
;lbracket <- Opa_lexer.lbracket
;lbracket_nosp <- Opa_lexer.lbracket_nosp
;rbracket <- Opa_lexer.rbracket
;rbracket_nosp <- Opa_lexer.rbracket_nosp
;lbrace <- Opa_lexer.lbrace
;lbrace_nosp <- Opa_lexer.lbrace_nosp
;rbrace <- Opa_lexer.rbrace
;rbrace_nosp <- Opa_lexer.rbrace_nosp
;spacing <- Opa_lexer.spacing
;semic <- Opa_lexer.semic
;tilda <- Opa_parser.tilda
_succeed <- (&. $/ !. $)

(* path definition, ie for [db pathdef : typ] or [db pathdef = expr] *)
;pathdef_nosp <-slash_nosp ml_identifier_nosp:i
               (slash_nosp ml_identifier_nosp:i {{QmlAst.Db.Decl_fld i}}
                / "[]" {{ QmlAst.Db.Decl_set [] }}
                / "[_]" {{ QmlAst.Db.Decl_set [] }})*:l
               {{ (QmlAst.Db.Decl_fld i)::l }}
;/** todo: extend to multiple index **/
setindex_def <- lbrace (=list1(ml_identifier,Opa_parser.record_fields_separator)):i rbrace
  {{ QmlAst.Db.Decl_set [List.sort String.compare i] }}
;pathdef_type_nosp <- slash_nosp ml_identifier_nosp:i
                     (slash_nosp ml_identifier_nosp:i {{QmlAst.Db.Decl_fld i}}
                     / lbracket setindex_def:i rbracket {{i}})*:l
                     {{ (QmlAst.Db.Decl_fld i)::l }}
;/** database path definition without type **/
pathdef <- spacing pathdef_nosp:v {{ v }}
;/** database path definition with type **/
pathdef_type <- spacing pathdef_type_nosp:v {{ v }}


(* path for reading *)
;/** database query **/
path_kind <- querytype:qt path:p select:s {{ p, qt, s }}

; /** database update path **/
path_update <-
  / '@'? slash_nosp path:pa select:s spacing
    (update_simple:u {{u, QmlAst.Db.default_update_options}} / Opa_lexer.larrow update:u {{u}}):u
    {{
       let u, o = u in
       DBPath (pa, QmlAst.Db.Update (u, o), s)
    }}
  / '@'? slash_nosp path:pa select:s spacing (Opa_lexer.larrow / Opa_lexer.assign) Opa_parser.expr:e
    {{
       DBPath (pa, QmlAst.Db.Update ((QmlAst.Db.UExpr e), QmlAst.Db.default_update_options), s)
    }}

(**
   {Path fields}
*)
field_string <- Opa_lexer.field_identifier_nosp:s {{`string s}}

field_expr <- lbracket Opa_parser.expr:e rbracket {{`expr e}}

field_any <- lbracket Opa_lexer.underscore_nosp rbracket {{`any}}

field_one <-
  / field_string
  / field_any
  / field_expr

field_dot_one <-
  / "." field_string:f {{f}}
  / field_any
  / field_expr


field_long <- spacing field_one:t (field_dot_one:f {{f}})*:l {{t::l}}


(* ******************************************************************)
(**
   {7 Path updating }
*)
update <-
  / lbrace update_simple:u update_options:o rbrace {{ u, o }}
  / tilda:tilda lbrace update_fields:u update_options:o rbrace {{ u tilda, o }}
  / update_noopt:u {{ u, QmlAst.Db.default_update_options }}

update_options <- Opa_parser.separator (=list0(update_options_ifexists, Opa_parser.separator)):l
  {{
     let options = QmlAst.Db.default_update_options in
     List.fold_left (fun opt f -> f opt) options l
  }}

update_options_ifexists <- (=Opa_lexer.exact_keyword("ifexists"))
  {{ fun _opt -> {QmlAst.Db.ifexists = true } }}

update_noopt <-
  / tilda:tilda lbrace update_fields:u rbrace {{ u tilda }}
  / Opa_parser.expr:e {{ QmlAst.Db.UExpr e }}

update_field <-
  / field_long:f (Opa_parser.record_fields_assign update_noopt:e {{e}} / update_simple):e
    {{ `binding (f, e) }}
  / tilda:tilda Opa_parser.record_short_ident:i
    {{
       let u = if tilda then `value (QmlAst.Db.UExpr (var_to_exprvar i)) else `novalue i in
       `noassign (([`string (undecorate i)]:'a QmlAst.Db.field), u , None)
     }}

update_fields <-
  (=list0(update_field, Opa_parser.record_fields_separator)):l Opa_parser.record_fields_separator?
  {{
     function tilda -> QmlAst.Db.UFlds (default_value_in_expr_update tilda l)
  }}

update_simple <- update_list / update_incr

update_incr <-
  / (=Opa_lexer.deco((=Opa_lexer.exact_symbol("++")))):d
    {{ QmlAst.Db.UIncr ((SurfaceAst.Const (SurfaceAst.CInt (Big_int.big_int_of_int 1))), label d) }}
  / (=Opa_lexer.exact_symbol("+=")) spacing Opa_parser.expr:e
    {{ QmlAst.Db.UIncr e }}
  / (=Opa_lexer.deco((=Opa_lexer.exact_symbol("--")))):d
    {{ QmlAst.Db.UIncr (SurfaceAst.Const (SurfaceAst.CInt (Big_int.big_int_of_int (-1))), label d) }}
  / (=Opa_lexer.exact_symbol("-=")) spacing Opa_parser.expr:e
    {{
       let l = label e in
       let minus = (SurfaceAst.Ident Opacapi.unary_minus, l) in
       QmlAst.Db.UIncr (minus &. [e], l)
    }}

update_list <-
  / (=Opa_lexer.exact_symbol("<+")) spacing Opa_parser.expr:e
    {{ QmlAst.Db.UAppend e }}
  / (=Opa_lexer.exact_symbol("<++")) spacing Opa_parser.expr:e
    {{ QmlAst.Db.UAppendAll e }}
  / (=Opa_lexer.exact_symbol("<--")) spacing Opa_parser.expr:e
    {{ QmlAst.Db.URemoveAll e }}
  / (=Opa_lexer.exact_symbol("<--*")) spacing Opa_parser.expr:e
    {{ QmlAst.Db.URemove e }}
  / (=Opa_lexer.exact_ident("pop")) {{ QmlAst.Db.UPop }}
  / (=Opa_lexer.exact_ident("shift")) {{ QmlAst.Db.UShift }}

(* ******************************************************************)
(**
   {7 Path selection }
*)
;/** Path selection **/
select <-
  / "." (select_fields / select_list / select_star):s {{ s }}
  / select_nil

select_field <-
  / field_long:f select:e
    {{ f, e }}

select_fields <-
  / lbrace
    (=list0(select_field, Opa_parser.record_fields_separator)):l Opa_parser.record_fields_separator?
    rbrace
    {{
      QmlAst.Db.SFlds l
    }}

select_list <-
  / lbracket Opa_parser.expr:e rbracket {{ QmlAst.Db.SSlice (e, none (label e)) }}
  / lbracket Opa_parser.expr:e1 Opa_lexer.comma Opa_parser.expr:e2 rbracket
    {{ QmlAst.Db.SSlice (e1, some e2) }}

select_star <- "*" {{ QmlAst.Db.SStar }}

select_nil <- _succeed {{ QmlAst.Db.SNil }}

(* ******************************************************************)
(**
   {7 Path querying }
*)
query <-
  / query_combine
  / query_nocombine

query_not <- (=Opa_lexer.exact_ident("not")) spacing query_nocombine:q
  {{ QmlAst.Db.QNot q }}

query_nocombine <-
  / Opa_lexer.lpar query:q Opa_lexer.rpar {{ q }}
  / query_simple
  / query_not
  / query_fields

query_combine <-
  / query_nocombine:q1 spacing query_double_builder:b spacing query:q2 {{ b q1 q2 }}
  / Opa_lexer.lpar query:q1 Opa_lexer.rpar spacing query_double_builder:b spacing query:q2 {{ b q1 q2 }}

query_simple_builder <-
  / (=Opa_lexer.exact_symbol("==")) {{ fun e -> QmlAst.Db.QEq e }}
  / (=Opa_lexer.exact_symbol(">"))  {{ fun e -> QmlAst.Db.QGt e }}
  / (=Opa_lexer.exact_symbol("<"))  {{ fun e -> QmlAst.Db.QLt e }}
  / (=Opa_lexer.exact_symbol(">=")) {{ fun e -> QmlAst.Db.QGte e }}
  / (=Opa_lexer.exact_symbol("<=")) {{ fun e -> QmlAst.Db.QLte e }}
  / (=Opa_lexer.exact_symbol("!=")) {{ fun e -> QmlAst.Db.QNe e }}
  / (=Opa_lexer.exact_ident("in"))  {{ fun e -> QmlAst.Db.QIn e }}

query_simple <-
  / query_simple_builder:b query_expr:e {{ b e }}
  / (=Opa_lexer.exact_ident("exists")) {{ QmlAst.Db.QExists true }}

query_keywords <-
  / (=Opa_lexer.exact_keyword("and"))
  / (=Opa_lexer.exact_keyword("or"))

query_nokeywords <-
  / !query_keywords

query_double_builder <-
  / (=Opa_lexer.exact_keyword("and")) {{ fun q1 q2 -> QmlAst.Db.QAnd (q1, q2) }}
  / (=Opa_lexer.exact_keyword("or"))  {{ fun q1 q2 -> QmlAst.Db.QOr (q1, q2) }}

query_expr <- Opa_parser.expr

query_field <- query_nokeywords field_long:f query_simple:q
  {{ (f, q) }}

query_fields <- (=list1(query_field, Opa_parser.record_fields_separator)):l Opa_parser.record_fields_separator?
  {{ QmlAst.Db.QFlds l }}

(* ******************************************************************)
(**
   {7 SQL querying }
   Note : Duplication from "Path querying" because TRX restriction (recursive
   function)
*)
sqlquery <-
  / sqlquery_combine
  / sqlquery_nocombine

sqlquery_not <- (=Opa_lexer.exact_ident("not")) spacing sqlquery_nocombine:q
{{ QmlAst.Db.QNot q }}

sqlquery_nocombine <-
  / Opa_lexer.lpar sqlquery:q Opa_lexer.rpar {{ q }}
  / sqlquery_simple
  / sqlquery_not
  / sqlquery_fields

sqlquery_combine <-
  / sqlquery_nocombine:q1 spacing sqlquery_double_builder:b spacing sqlquery:q2 {{ b q1 q2 }}
  / Opa_lexer.lpar sqlquery:q1 Opa_lexer.rpar spacing sqlquery_double_builder:b spacing sqlquery:q2 {{ b q1 q2 }}

sqlquery_simple_builder <-
  / (=Opa_lexer.exact_symbol("==")) {{ fun e -> QmlAst.Db.QEq e }}
  / (=Opa_lexer.exact_symbol(">"))  {{ fun e -> QmlAst.Db.QGt e }}
  / (=Opa_lexer.exact_symbol("<"))  {{ fun e -> QmlAst.Db.QLt e }}
  / (=Opa_lexer.exact_symbol(">=")) {{ fun e -> QmlAst.Db.QGte e }}
  / (=Opa_lexer.exact_symbol("<=")) {{ fun e -> QmlAst.Db.QLte e }}
  / (=Opa_lexer.exact_symbol("!=")) {{ fun e -> QmlAst.Db.QNe e }}
  / (=Opa_lexer.exact_ident("in"))  {{ fun e -> QmlAst.Db.QIn e }}

sqlquery_simple <-
  / sqlquery_simple_builder:b sqlquery_expr:e {{ b e }}
  / (=Opa_lexer.exact_ident("exists")) {{ QmlAst.Db.QExists true }}

sqlquery_keywords <-
  / (=Opa_lexer.exact_keyword("and"))
  / (=Opa_lexer.exact_keyword("or"))

sqlquery_nokeywords <-
  / !sqlquery_keywords

sqlquery_double_builder <-
  / (=Opa_lexer.exact_keyword("and")) {{ fun q1 q2 -> QmlAst.Db.QAnd (q1, q2) }}
  / (=Opa_lexer.exact_keyword("or"))  {{ fun q1 q2 -> QmlAst.Db.QOr (q1, q2) }}

sqlquery_expr <-
  / spacing Opa_lexer.field_identifier_nosp:s {{`bind s}}
  / Opa_parser.expr:e {{`expr e}}

sqlquery_field <- sqlquery_nokeywords field_long:f sqlquery_simple:q
{{ (f, q) }}

sqlquery_fields <- (=list1(sqlquery_field, Opa_parser.record_fields_separator)):l Opa_parser.record_fields_separator?
{{ QmlAst.Db.QFlds l }}

(* ******************************************************************)
(**
   {7 Path SQL querying }
*)
sqlfield <-
/ spacing Opa_lexer.field_identifier_nosp:tb "." Opa_lexer.field_identifier_nosp:s {{tb, s}}
/ spacing Opa_lexer.field_identifier_nosp:s {{"", s}}

sqlfields <- (=list1(sqlfield, Opa_lexer.comma))

sqltables <- (=list1(spacing Opa_lexer.field_identifier_nosp:s {{s}}, Opa_lexer.comma))

;/** SQL Query **/
sqlquery1 <-
  (=Opa_lexer.exact_keyword("SELECT")) spacing sqlfields:f spacing
  (=Opa_lexer.exact_keyword("FROM")) spacing sqltables:t spacing
  ((=Opa_lexer.exact_keyword("WHERE")) spacing sqlquery:q spacing {{q}})?:q
  {{
     {QmlAst.Db.sql_ops = q; sql_fds = f; sql_tbs = t}
  }}


(* ******************************************************************)
(**
   {7 Path options querying }
*)
query_options_limit <-
  (=Opa_lexer.exact_keyword("limit")) query_expr:limit
  {{ fun opt -> {opt with QmlAst.Db.limit = Some limit} }}

query_options_skip <-
  (=Opa_lexer.exact_keyword("skip")) query_expr:skip
  {{ fun opt -> {opt with QmlAst.Db.skip = Some skip} }}

query_options_order_label <-
  / (=Opa_lexer.exact_symbol("-")) {{"down"}}
  / (=Opa_lexer.exact_symbol("+")) {{"up"}}

query_options_order_field <-
  / field_long:l (=Opa_lexer.exact_symbol("=")) query_expr:e {{ (l, e) }}
  / query_options_order_label?:ordlbl (=Opa_lexer.careful_deco(field_long)):i
    {{
       let i, label = i in
       let ordlbl = Option.default "up" ordlbl in
       (i, (Parser_utils.simple_record ordlbl label, label))
     }}

query_options_order <-
  (=Opa_lexer.exact_keyword("order"))
  (=list1(query_options_order_field, Opa_parser.record_fields_separator)):order
  {{ fun opt -> {opt with QmlAst.Db.sort = Some order} }}

query_options <-
  (=list0((query_options_limit / query_options_skip / query_options_order), Opa_parser.separator)):l
  {{
     let options = QmlAst.Db.default_query_options in
     List.fold_left (fun opt f -> f opt) options l
  }}

query_with_options <-
  / sqlquery1:q
    {{
       let options = QmlAst.Db.default_query_options in
       QmlAst.Db.SQLQuery (q, options)
    }}
  / query:q (Opa_parser.separator query_options:o {{o}})?:o
    {{
       let options =
         Option.default QmlAst.Db.default_query_options o
       in
       QmlAst.Db.Query (q, options)
    }}
  / query_options:o {{ QmlAst.Db.Query (QmlAst.Db.QFlds [], o) }}


;querytype <- [?] slash_nosp {{ QmlAst.Db.Option }}
            / [!] slash_nosp {{ QmlAst.Db.Valpath }}
            / [@] slash_nosp {{ QmlAst.Db.Ref }}
            /     slash_nosp {{ QmlAst.Db.Default }}

;path = Opa_parser.careful_deco just_path
;just_path <- deco_ml_identifier_nosp:i path_elem*:l {{ let (s,label) = i in ((QmlAst.Db.FldKey s),label) :: l }}

;path_elem = Opa_parser.careful_deco just_path_elem
;just_path_elem <- slash_nosp ml_identifier_nosp:i   {{ QmlAst.Db.FldKey i }}
                 / lbracket_nosp query_with_options:q rbracket {{ q }}
                 / lbracket_nosp Opa_parser.expr:e rbracket {{ QmlAst.Db.ExprKey e }}
                 / lbracket_nosp spacing [?] rbracket {{ QmlAst.Db.NewKey }}




(**
   {7 Separated lists}
*)

(** list where a the separator must occur *)
let list2 element separator = element:e (separator element:e {{e}})+:l
  {{ e :: l }}

(**Non-empty lists*)
let list1 element separator = element:e (separator element {{__2}})*:l
  {{ e :: l }};

(**Possibly empty lists*)
let list0 element separator = (=list1(element,separator))?:o
  {{ match o with
       | None -> []
       | Some l -> l
   }}
