(*
    Copyright © 2011 MLstate

    This file is part of OPA.

   Licensed under the Apache License, Version 2.0 (the "License");
   you may not use this file except in compliance with the License.
   You may obtain a copy of the License at

       http://www.apache.org/licenses/LICENSE-2.0

   Unless required by applicable law or agreed to in writing, software
   distributed under the License is distributed on an "AS IS" BASIS,
   WITHOUT WARRANTIES OR CONDITIONS OF ANY KIND, either express or implied.
   See the License for the specific language governing permissions and
   limitations under the License.
*)
# mime.types file parser

{{
let make l =
  (* Printf.eprintf "%d MIME types loaded\n%!" (List.length l) ; *)
  List.fold_left (
   fun ((m1, m2) as acc) x ->
     match x with None -> acc | Some (t, el) ->
     StringMap.add t el m1,
     List.fold_left (fun acc x -> StringMap.add x t acc) m2 el
  ) (StringMap.empty, StringMap.empty) l
}}

# FIXME: EOF ?
+File : {string list StringMap.t * string StringMap.t} <- Line* {{ make __1 }}
Line <- [#] (!EOL .)* EOL {{ None }}
        / Ident Space+ (Ident Space* {{__1}})* EOL {{ Some (__1, __3) }}
        / (!EOL . {{__2}})* EOL {{ (*Printf.eprintf "error: line='%s'\n" (string_of_chars __1) ;*) None }}
Ident <- Char+ {{ Tgrammar.string_of_chars __1 }}
Char <- !FullSpace . {{ __2 }}
Space <- ' ' / '\t'
FullSpace <- Space / EOL
EOL <- '\r\n' / '\n' / '\r'
#EOF <- !.
