(*
    Copyright © 2011 MLstate

    This file is part of OPA.

    OPA is free software: you can redistribute it and/or modify it under the
    terms of the GNU Affero General Public License, version 3, as published by
    the Free Software Foundation.

    OPA is distributed in the hope that it will be useful, but WITHOUT ANY
    WARRANTY; without even the implied warranty of MERCHANTABILITY or FITNESS
    FOR A PARTICULAR PURPOSE. See the GNU Affero General Public License for
    more details.

    You should have received a copy of the GNU Affero General Public License
    along with OPA. If not, see <http://www.gnu.org/licenses/>.
*)
include default.trx
types:{{

type msg = Ehlo of ( string )  | From of ( string )  | To of ( string )  | Data | EndData | Quit | ENs of ( int * string )  | Ns of ( int * string )  | RawInput of ( string ) 

}}
msg <- 
"EHLO "  (( !"\r\n" .)+ $_) "\r\n" {{ Ehlo (__2) }}
 /"MAIL FROM:<"  (( !">\r\n" .)+ $_) ">\r\n" {{ From (__2) }}
 /"RCPT TO:<"  (( !">\r\n" .)+ $_) ">\r\n" {{ To (__2) }}
 /"DATA\r\n" {{ Data }}
 /"\r\n.\r\n" {{ EndData }}
 /"QUIT\r\n" {{ Quit }}
 /  int "-"  (( !"\r\n" .)+ $_) "\r\n" {{ ENs (__1, __3) }}
 /  int " "  (( !"\r\n" .)+ $_) "\r\n" {{ Ns (__1, __3) }}
 /  (( .)+ $_)   {{ RawInput (__1) }}

+msgs : {msg list} <- msg*
