(*
    Copyright © 2011 MLstate

    This file is part of OPA.

    OPA is free software: you can redistribute it and/or modify it under the
    terms of the GNU Affero General Public License, version 3, as published by
    the Free Software Foundation.

    OPA is distributed in the hope that it will be useful, but WITHOUT ANY
    WARRANTY; without even the implied warranty of MERCHANTABILITY or FITNESS
    FOR A PARTICULAR PURPOSE. See the GNU Affero General Public License for
    more details.

    You should have received a copy of the GNU Affero General Public License
    along with OPA. If not, see <http://www.gnu.org/licenses/>.
*)
read default.trx global (spacing)

+file <- def* {{ Base.StringMap.from_list __1 }}
+def <- name define rule* Default.semi {{ __1, __3 }}
define <- "::=" spacing
name <- ([a-z][a-zA-Z0-9_]* $_) spacing {{ __1 }}
operator <- ([<] [<>+\-/*]+ [>] $_) spacing {{ __1 }}
#names <- name names {{ __1 :: __2 }}
#	/ name {{ [__1] }}

rule <- Default.bar pattern Default.rightarrow production {{ __2, __4 }}
pattern <- (!Default.rightarrow .)+ $_
production <- elem+ / Default.times {{ [] }}
elem <- Default.stringquote spacing {{ `string __1 }}
	/ Default.lbracket name Default.bracketexprcontent Default.rbracket {{ `production (__2, __3) }}
	/ Default.parexpr spacing {{ `ocaml __1 }}
	/ name {{ `var __1 }}
	/ operator {{ `operator __1 }}
	/ Default.underscore {{ `space }}

spacing <- [ \t\r\n]*
