(*
    Copyright © 2011 MLstate

    This file is part of OPA.

   Licensed under the Apache License, Version 2.0 (the "License");
   you may not use this file except in compliance with the License.
   You may obtain a copy of the License at

       http://www.apache.org/licenses/LICENSE-2.0

   Unless required by applicable law or agreed to in writing, software
   distributed under the License is distributed on an "AS IS" BASIS,
   WITHOUT WARRANTIES OR CONDITIONS OF ANY KIND, either express or implied.
   See the License for the specific language governing permissions and
   limitations under the License.
*)
types:{{
type domain = string list
type category = Mx of int | Ns | A
type ip = int * int * int * int
type dst = Name of domain | Ip of ip
type dig_line = 
  { domain : domain
  ; number : int
  ; category : category
  ; dst : dst }
}}

+dig : {(string * dig_line list) list} <- (!section comment)* (section line* (!section comment)* {{ (* eprintf "adding section [%s]\n%!" __1 ; *) (__1, __2) }})* {{ __2 }}

line <- domain point spacing number spacing "IN" spacing category spacing nameorip eol 
	{{ { domain = __1 ; number = __4 ; category = __8 ; dst = __10 } }}
section <- ";; " sectionname " SECTION:" spacing eol {{ __2 }}
comment <- eol $ / [;] (!eol .)* eol $

domain <- domainchars (point domainchars {{ __2 }})+ {{ __1 :: __2 }}
domainchars <- [A-Za-z0-9\-_]+ {{ Tgrammar.string_of_chars __1 }}
number <- [0-9]+ {{ Tgrammar.int_of_chars __1 }}
category <- "MX" spacing number {{ Mx __3 }} / "NS" {{ Ns }} / "A" {{ A }}

ip <- number point number point number point number {{ __1, __3, __5, __7 }}
nameorip <- ip {{ Ip __1 }} / domain [.] {{ Name __1 }}

sectionname <- [A-Z]+ {{ Tgrammar.string_of_chars __1 }}

spacing <- [ \t]*
eol <- [\r\n]+
point <- [.]
