(*
    Copyright © 2011 MLstate

    This file is part of OPA.

    OPA is free software: you can redistribute it and/or modify it under the
    terms of the GNU Affero General Public License, version 3, as published by
    the Free Software Foundation.

    OPA is distributed in the hope that it will be useful, but WITHOUT ANY
    WARRANTY; without even the implied warranty of MERCHANTABILITY or FITNESS
    FOR A PARTICULAR PURPOSE. See the GNU Affero General Public License for
    more details.

    You should have received a copy of the GNU Affero General Public License
    along with OPA. If not, see <http://www.gnu.org/licenses/>.
*)
# mime.types file parser

{{
let make l =
  (* Printf.eprintf "%d MIME types loaded\n%!" (List.length l) ; *)
  List.fold_left (
   fun ((m1, m2) as acc) x ->
     match x with None -> acc | Some (t, el) ->
     StringMap.add t el m1,
     List.fold_left (fun acc x -> StringMap.add x t acc) m2 el
  ) (StringMap.empty, StringMap.empty) l
}}

# FIXME: EOF ?
+File : {string list StringMap.t * string StringMap.t} <- Line* {{ make __1 }}
Line <- [#] (!EOL .)* EOL {{ None }}
        / Ident Space+ (Ident Space* {{__1}})* EOL {{ Some (__1, __3) }}
        / (!EOL . {{__2}})* EOL {{ (*Printf.eprintf "error: line='%s'\n" (string_of_chars __1) ;*) None }}
Ident <- Char+ {{ Tgrammar.string_of_chars __1 }}
Char <- !FullSpace . {{ __2 }}
Space <- ' ' / '\t'
FullSpace <- Space / EOL
EOL <- '\r\n' / '\n' / '\r'
#EOF <- !.
