(*
    Copyright © 2011 MLstate

    This file is part of Opa.

    Opa is free software: you can redistribute it and/or modify it under the
    terms of the GNU Affero General Public License, version 3, as published by
    the Free Software Foundation.

    Opa is distributed in the hope that it will be useful, but WITHOUT ANY
    WARRANTY; without even the implied warranty of MERCHANTABILITY or FITNESS
    FOR A PARTICULAR PURPOSE. See the GNU Affero General Public License for
    more details.

    You should have received a copy of the GNU Affero General Public License
    along with Opa. If not, see <http://www.gnu.org/licenses/>.
*)
(**
 * Actions parser
 *)

(** importing from the lexer/main parser *)
let deco rule = (=Opa_parser.deco(rule))
;let careful_deco rule = (=Opa_parser.careful_deco(rule))
;let exact_symbol rule = (=Opa_lexer.exact_symbol(rule))
;let exact_ident rule = (=Opa_lexer.exact_ident(rule))


(** the actual action parser *)
;jqs = deco just_jqs
;just_jqs <-
  / (=Opa_parser.careful_deco(("." {{ "class" }} / "#" {{ "id" }}))):kind
    ( Opa_parser.deco_ml_identifier:s {{ string2 s }}
    / Opa_parser.opa_in_braces:e {{ e }}):e
       {{
         let (k, lbl) = kind in
         let ident_name =
           (match k with
            | "class" -> Opacapi.Dom.select_class
            | "id" -> Opacapi.Dom.select_id
            | _ -> assert false) in
         let ident_expr = ((Ident ident_name), lbl) in
         let apply_expr = Parser_utils.apply ident_expr e in
         coerce_name apply_expr Opacapi.Types.dom
       }}
  / (=exact_symbol("*")) !Opa_lexer.whitespace (=careful_deco(Opa_parser.ml_identifier_nosp)):i
    {{ coerce_name (Ident (fst i), snd i) Opacapi.Types.dom }}

;verb = deco just_verb
;just_verb <- (=exact_symbol("=")) {{ `set }}
            / (=exact_symbol("+=")) {{ `prepend }}
            / (=exact_symbol("=+")) {{ `append }}

cssverb <- (=exact_symbol("css=")) {{ `set }}

;/** Action on DOM **/
action = deco just_action
;just_action <-
  / jqs:jqs verb:verb Opa_parser.expr:e
    {{ undecorate (action_content jqs verb e) }}
  / jqs:jqs (=deco(cssverb)):verb Opa_lexer.lbrace Xml.css_properties:e Opa_lexer.rbrace
    {{ undecorate (action_css jqs verb e) }}

