(*
    Copyright © 2011 MLstate

    This file is part of OPA.

    OPA is free software: you can redistribute it and/or modify it under the
    terms of the GNU Affero General Public License, version 3, as published by
    the Free Software Foundation.

    OPA is distributed in the hope that it will be useful, but WITHOUT ANY
    WARRANTY; without even the implied warranty of MERCHANTABILITY or FITNESS
    FOR A PARTICULAR PURPOSE. See the GNU Affero General Public License for
    more details.

    You should have received a copy of the GNU Affero General Public License
    along with OPA. If not, see <http://www.gnu.org/licenses/>.
*)
types:{{
  type mail_error = 
    | GreylistedMin of int
    | GreylistedSec of int
    | RecipientRejected
    | Add_cc of string
    | Other of string
}}

greylist <- "reylist" / "deferred"
cc <- "Cc:" / "cc:"

int <- ([0-9]+ $_) {{ int_of_string __1 }}
+error : {mail_error} 
       <- (!greylist .)+ greylist (!int .)+ int spacing "min" {{ GreylistedMin __4 }}
        / (!greylist .)+ greylist (!int .)+ int spacing {{ GreylistedSec __4 }}
        / (!greylist .)+ greylist .+ {{ GreylistedSec 300 }}
	/ (!cc .)+ cc spacing [a-zA-Z0-9\-_@.]+ {{ Add_cc (Tgrammar.string_of_chars __4) }}
        / (.+ $_)  {{ Other __1 }}
spacing <- [ \t]*
